[root@openeuler-riscv64 ~]# cd demo_from_sdk/
[root@openeuler-riscv64 demo_from_sdk]# ll
total 52
drwxr-xr-x 2 root root 4096 Sep 15 15:48 aes
drwxr-xr-x 2 root root 4096 Sep 15 15:48 count
drwxr-xr-x 2 root root 4096 Sep 15 15:48 crypt
drwxr-xr-x 2 root root 4096 Sep 15 15:48 deadloop
drwxr-xr-x 7 root root 4096 Sep 15 15:48 evm
drwxr-xr-x 2 root root 4096 Sep 15 15:48 gm_test_enclaves
drwxr-xr-x 4 root root 4096 Sep 15 15:48 hello_arguement
drwxr-xr-x 2 root root 4096 Sep 15 15:48 host
drwxr-xr-x 2 root root 4096 Sep 15 15:48 host_stop_and_destroy
-rw-r--r-- 1 root root  437 Sep 15 15:48 Makefile
drwxr-xr-x 2 root root 4096 Sep 15 15:48 mem
drwxr-xr-x 2 root root 4096 Sep 15 15:48 prime
drwxr-xr-x 2 root root 4096 Sep 15 15:48 seal_data
[root@openeuler-riscv64 demo_from_sdk]# ./host/host aes/aes
LIB: cannot open enclave dev
LIB: ioctl create enclave is failed
host:0: failed to create enclave
[root@openeuler-riscv64 demo_from_sdk]# modprobe penglai
[root@openeuler-riscv64 demo_from_sdk]# ./host/host aes/aes
host:1: enclave attest
0x44, 0x6E, 0xE2, 0x6B,  0xFD, 0xFB, 0xBC, 0xE4,  0x88, 0x8B, 0x7D, 0x91,  0x27, 0x5A, 0x1F, 0xA0,  
0x40, 0x72, 0x8E, 0xA6,  0x0F, 0xA8, 0x7D, 0xBD,  0x43, 0x57, 0x9B, 0x6D,  0xA0, 0x5A, 0x53, 0x32,  
host:1: enclave run
[root@openeuler-riscv64 demo_from_sdk]# ./host/host count/count
host:1: enclave attest
0xE2, 0xDD, 0x1B, 0x09,  0xC8, 0xD8, 0xA4, 0xD1,  0x3C, 0x73, 0xCC, 0x29,  0xCB, 0x33, 0xF7, 0x46,  
0xB0, 0x8F, 0x30, 0xD2,  0x51, 0x95, 0x4C, 0x6A,  0x4D, 0x4D, 0xA1, 0xBF,  0x07, 0x74, 0x8B, 0xE3,  
host:1: enclave run
[root@openeuler-riscv64 demo_from_sdk]# ./host/host prime/prime
host:1: enclave attest
0x0E, 0xA8, 0xB3, 0x7C,  0x3E, 0x05, 0xE3, 0xC8,  0x36, 0xFB, 0x94, 0x85,  0xD8, 0xF1, 0xBB, 0x33,  
0x34, 0xA4, 0xCC, 0x3F,  0xEC, 0x1F, 0xCD, 0xFB,  0x58, 0x20, 0x2D, 0x2E,  0xBA, 0x44, 0x63, 0x62,  
host:1: enclave run
[root@openeuler-riscv64 demo_from_sdk]# ./host/host mem/mem
host:1: enclave attest
0x71, 0xA6, 0xEF, 0x21,  0x35, 0xE4, 0xF6, 0xBB,  0x92, 0xE2, 0xE4, 0x81,  0x48, 0xD8, 0x08, 0xDF,  
0xF7, 0x78, 0x2C, 0x31,  0x1D, 0x49, 0xC5, 0x59,  0x74, 0x99, 0xDC, 0x75,  0x93, 0x91, 0x9A, 0xAE,  
host:1: enclave run
[root@openeuler-riscv64 demo_from_sdk]# ./host/host crypt/crypt
host:1: enclave attest
0x98, 0x43, 0x5F, 0xA3,  0x37, 0xC8, 0x0E, 0xE3,  0x9F, 0x2B, 0x9F, 0xD8,  0xDF, 0x2C, 0x36, 0xF7,  
0x14, 0x3F, 0xF1, 0xE8,  0x93, 0xE4, 0x9A, 0x86,  0x0A, 0x98, 0x68, 0x2E,  0x31, 0xF1, 0x2E, 0x33,  
host:1: enclave run

[root@openeuler-riscv64 demo_from_sdk]# 
[root@openeuler-riscv64 demo_from_sdk]# ./host/host deadloop/deadloop
host:1: enclave attest
0x29, 0x2D, 0xA0, 0x24,  0x99, 0x84, 0xB0, 0x88,  0xC2, 0x9F, 0x08, 0x57,  0x0E, 0xBF, 0x00, 0x99,  
0x95, 0xAA, 0x83, 0x44,  0x75, 0x69, 0x6D, 0x58,  0x42, 0xF9, 0xEE, 0x85,  0x09, 0xA6, 0x0A, 0xA2,  
host:1: enclave run
[root@openeuler-riscv64 demo_from_sdk]# ./host/host gm_test_enclaves/test_random
host:1: enclave attest
0x14, 0xB4, 0x30, 0x72,  0xEB, 0x07, 0xCA, 0xC9,  0x2E, 0xE5, 0x4D, 0x5D,  0x6C, 0x69, 0xB5, 0x47,  
0x32, 0xA9, 0x83, 0x59,  0xA3, 0x22, 0x95, 0x8F,  0x5A, 0x37, 0x0E, 0x66,  0xD0, 0x10, 0x33, 0x83,  
host:1: enclave run
[root@openeuler-riscv64 demo_from_sdk]# ./host/host gm_test_enclaves/test_sm2
host:1: enclave attest
0xC6, 0x26, 0x1E, 0x73,  0x93, 0x58, 0x5E, 0xBD,  0xBA, 0xF7, 0xDD, 0x2F,  0x80, 0x0C, 0x74, 0x6E,  
0xD2, 0x26, 0x80, 0x75,  0xB8, 0xB0, 0xFA, 0x58,  0x86, 0xEE, 0xF9, 0x22,  0xC2, 0xBE, 0xD6, 0xBC,  
host:1: enclave run
[root@openeuler-riscv64 demo_from_sdk]# ./host/host gm_test_enclaves/test_sm4_cbc
host:1: enclave attest
0x5E, 0x14, 0x2B, 0xB1,  0xC2, 0xE0, 0xD9, 0xDD,  0xE2, 0xF9, 0x83, 0x51,  0x9F, 0x43, 0x16, 0xDA,  
0xC9, 0x3A, 0x13, 0xB3,  0x97, 0x5F, 0x0D, 0x18,  0x0A, 0x6C, 0x6B, 0xFC,  0xBA, 0x07, 0x24, 0x11,  
host:1: enclave run
[root@openeuler-riscv64 demo_from_sdk]# ./host/host gm_test_enclaves/test_sm4_ocb
host:1: enclave attest
0x89, 0xEF, 0x96, 0xFE,  0xC6, 0x61, 0x2C, 0xFA,  0xEF, 0xF5, 0x09, 0x58,  0x6D, 0x7D, 0xFA, 0x8D,  
0xCE, 0x69, 0x94, 0x16,  0x1D, 0x3E, 0x3C, 0x1D,  0xFF, 0xCD, 0x6B, 0x5C,  0xB4, 0xCB, 0xD2, 0x38,  
host:1: enclave run

测试内核打印：
[  176.005487][ T1215] [TEST 1]: Can DeriveSealingKey() derive the same key on same salt between multiple setup times?
[  176.014921][ T1215] 165, 99, 105, 136, 28, 183, 119, 58, 101, 248, 15, 110, 30, 55, 149, 245
[  176.017726][ T1215] [TEST 2]: If change salt, can DeriveSealingKey() derive different keys?
[  176.021129][ T1215] 123, 97, 141, 6, 225, 220, 41, 220, 31, 223, 201, 162, 117, 167, 210, 26
[  176.024270][ T1215] [TEST 3]: Can seal output cypher text and unseal get the correct plaintext
[  176.027197][ T1215] plaintext: Data to encrypt, Hello penglai, add_text: add mac text
[  176.033918][ T1215] seal_data encrypt success
[  176.036662][ T1215] seal_data decrypt authenticate Success
[  176.038348][ T1215] penglai_seal test finished --- ALL TEST SUCCESS!
[  176.065126][ T1215] [Penglai Driver@penglai_enclave_run] run returned successfully
[  205.171931][ T1221] [TRACE] init_time 0: random prikey:
[  205.172934][ T1221] 163, 49, 114, 6, 166, 79, 99, 78, 188, 110, 128, 153, 229, 238, 183, 254
[  205.173415][ T1221] 68, 129, 231, 202, 29, 29, 71, 63, 31, 9, 199, 89, 153, 134, 104, 202
[  205.203778][ T1221] [TRACE] init_time 0, sign_time 0: SUCCESS
[  205.230916][ T1221] [TRACE] init_time 0, sign_time 1: SUCCESS
[  205.257734][ T1221] [TRACE] init_time 0, sign_time 2: SUCCESS
[  205.285001][ T1221] [TRACE] init_time 0, sign_time 3: SUCCESS
[  205.311852][ T1221] [TRACE] init_time 0, sign_time 4: SUCCESS
[  205.339373][ T1221] [TRACE] init_time 0, sign_time 5: SUCCESS
[  205.367147][ T1221] [TRACE] init_time 0, sign_time 6: SUCCESS
[  205.394579][ T1221] [TRACE] init_time 0, sign_time 7: SUCCESS
[  205.420807][ T1221] [TRACE] init_time 0, sign_time 8: SUCCESS
[  205.448092][ T1221] [TRACE] init_time 0, sign_time 9: SUCCESS
[  205.459919][ T1221] [TRACE] init_time 1: random prikey:
[  205.461491][ T1221] 217, 227, 204, 0, 126, 50, 92, 251, 116, 40, 156, 71, 13, 188, 134, 166
[  205.462353][ T1221] 51, 116, 20, 229, 94, 139, 209, 103, 50, 223, 102, 230, 148, 155, 137, 47
[  205.490357][ T1221] [TRACE] init_time 1, sign_time 0: SUCCESS
[  205.519035][ T1221] [TRACE] init_time 1, sign_time 1: SUCCESS
[  205.549602][ T1221] [TRACE] init_time 1, sign_time 2: SUCCESS
[  205.578799][ T1221] [TRACE] init_time 1, sign_time 3: SUCCESS
[  205.605831][ T1221] [TRACE] init_time 1, sign_time 4: SUCCESS
[  205.632724][ T1221] [TRACE] init_time 1, sign_time 5: SUCCESS
[  205.659875][ T1221] [TRACE] init_time 1, sign_time 6: SUCCESS
[  205.687062][ T1221] [TRACE] init_time 1, sign_time 7: SUCCESS
[  205.713667][ T1221] [TRACE] init_time 1, sign_time 8: SUCCESS
[  205.740707][ T1221] [TRACE] init_time 1, sign_time 9: SUCCESS
[  205.752072][ T1221] [TRACE] init_time 2: random prikey:
[  205.753486][ T1221] 198, 78, 212, 163, 160, 115, 210, 151, 4, 57, 73, 69, 177, 56, 33, 142
[  205.754797][ T1221] 22, 76, 46, 216, 87, 83, 228, 163, 77, 125, 238, 178, 233, 67, 37, 75
[  205.784507][ T1221] [TRACE] init_time 2, sign_time 0: SUCCESS
[  205.810438][ T1221] [TRACE] init_time 2, sign_time 1: SUCCESS
[  205.837724][ T1221] [TRACE] init_time 2, sign_time 2: SUCCESS
[  205.864516][ T1221] [TRACE] init_time 2, sign_time 3: SUCCESS
[  205.893585][ T1221] [TRACE] init_time 2, sign_time 4: SUCCESS
[  205.921656][ T1221] [TRACE] init_time 2, sign_time 5: SUCCESS
[  205.949117][ T1221] [TRACE] init_time 2, sign_time 6: SUCCESS
[  205.977122][ T1221] [TRACE] init_time 2, sign_time 7: SUCCESS
[  206.005602][ T1221] [TRACE] init_time 2, sign_time 8: SUCCESS
[  206.034074][ T1221] [TRACE] init_time 2, sign_time 9: SUCCESS
[  206.045401][ T1221] [TRACE] init_time 3: random prikey:
[  206.046762][ T1221] 2, 235, 35, 21, 250, 10, 134, 18, 63, 177, 96, 200, 65, 144, 87, 174
[  206.048270][ T1221] 134, 54, 138, 36, 183, 56, 243, 150, 150, 132, 241, 253, 58, 135, 15, 32
[  206.078096][ T1221] [TRACE] init_time 3, sign_time 0: SUCCESS
[  206.105651][ T1221] [TRACE] init_time 3, sign_time 1: SUCCESS
[  206.132097][ T1221] [TRACE] init_time 3, sign_time 2: SUCCESS
[  206.158733][ T1221] [TRACE] init_time 3, sign_time 3: SUCCESS
[  206.190579][ T1221] [TRACE] init_time 3, sign_time 4: SUCCESS
[  206.217434][ T1221] [TRACE] init_time 3, sign_time 5: SUCCESS
[  206.243367][ T1221] [TRACE] init_time 3, sign_time 6: SUCCESS
[  206.272156][ T1221] [TRACE] init_time 3, sign_time 7: SUCCESS
[  206.298276][ T1221] [TRACE] init_time 3, sign_time 8: SUCCESS
[  206.326476][ T1221] [TRACE] init_time 3, sign_time 9: SUCCESS
[  206.337783][ T1221] [TRACE] init_time 4: random prikey:
[  206.338910][ T1221] 233, 147, 211, 146, 216, 235, 54, 7, 219, 249, 218, 45, 154, 23, 99, 234
[  206.340525][ T1221] 198, 211, 167, 55, 97, 143, 204, 177, 70, 116, 116, 145, 5, 130, 45, 39
[  206.370556][ T1221] [TRACE] init_time 4, sign_time 0: SUCCESS
[  206.397453][ T1221] [TRACE] init_time 4, sign_time 1: SUCCESS
[  206.425632][ T1221] [TRACE] init_time 4, sign_time 2: SUCCESS
[  206.453056][ T1221] [TRACE] init_time 4, sign_time 3: SUCCESS
[  206.480688][ T1221] [TRACE] init_time 4, sign_time 4: SUCCESS
[  206.508325][ T1221] [TRACE] init_time 4, sign_time 5: SUCCESS
[  206.534982][ T1221] [TRACE] init_time 4, sign_time 6: SUCCESS
[  206.562146][ T1221] [TRACE] init_time 4, sign_time 7: SUCCESS
[  206.589426][ T1221] [TRACE] init_time 4, sign_time 8: SUCCESS
[  206.616184][ T1221] [TRACE] init_time 4, sign_time 9: SUCCESS
[  206.628085][ T1221] [TRACE] init_time 5: random prikey:
[  206.628761][ T1221] 201, 234, 31, 199, 36, 179, 117, 99, 131, 198, 200, 69, 251, 43, 235, 46
[  206.629377][ T1221] 24, 198, 79, 46, 117, 67, 150, 123, 110, 223, 241, 236, 255, 136, 92, 160
[  206.657080][ T1221] [TRACE] init_time 5, sign_time 0: SUCCESS
[  206.684265][ T1221] [TRACE] init_time 5, sign_time 1: SUCCESS
[  206.712286][ T1221] [TRACE] init_time 5, sign_time 2: SUCCESS
[  206.739914][ T1221] [TRACE] init_time 5, sign_time 3: SUCCESS
[  206.766937][ T1221] [TRACE] init_time 5, sign_time 4: SUCCESS
[  206.796527][ T1221] [TRACE] init_time 5, sign_time 5: SUCCESS
[  206.824781][ T1221] [TRACE] init_time 5, sign_time 6: SUCCESS
[  206.852340][ T1221] [TRACE] init_time 5, sign_time 7: SUCCESS
[  206.880075][ T1221] [TRACE] init_time 5, sign_time 8: SUCCESS
[  206.907377][ T1221] [TRACE] init_time 5, sign_time 9: SUCCESS
[  206.919379][ T1221] [TRACE] init_time 6: random prikey:
[  206.920782][ T1221] 49, 9, 89, 240, 61, 115, 6, 44, 189, 144, 113, 6, 35, 239, 70, 125
[  206.921652][ T1221] 152, 79, 56, 25, 70, 21, 138, 226, 5, 177, 13, 227, 19, 59, 174, 182
[  206.949456][ T1221] [TRACE] init_time 6, sign_time 0: SUCCESS
[  206.976060][ T1221] [TRACE] init_time 6, sign_time 1: SUCCESS
[  207.002645][ T1221] [TRACE] init_time 6, sign_time 2: SUCCESS
[  207.030184][ T1221] [TRACE] init_time 6, sign_time 3: SUCCESS
[  207.056694][ T1221] [TRACE] init_time 6, sign_time 4: SUCCESS
[  207.084296][ T1221] [TRACE] init_time 6, sign_time 5: SUCCESS
[  207.113329][ T1221] [TRACE] init_time 6, sign_time 6: SUCCESS
[  207.141696][ T1221] [TRACE] init_time 6, sign_time 7: SUCCESS
[  207.169635][ T1221] [TRACE] init_time 6, sign_time 8: SUCCESS
[  207.197964][ T1221] [TRACE] init_time 6, sign_time 9: SUCCESS
[  207.210152][ T1221] [TRACE] init_time 7: random prikey:
[  207.211144][ T1221] 105, 196, 109, 63, 65, 248, 74, 63, 108, 245, 14, 148, 50, 120, 196, 119
[  207.213522][ T1221] 155, 20, 37, 144, 12, 96, 212, 206, 44, 187, 105, 2, 211, 171, 154, 206
[  207.242190][ T1221] [TRACE] init_time 7, sign_time 0: SUCCESS
[  207.269038][ T1221] [TRACE] init_time 7, sign_time 1: SUCCESS
[  207.298032][ T1221] [TRACE] init_time 7, sign_time 2: SUCCESS
[  207.326049][ T1221] [TRACE] init_time 7, sign_time 3: SUCCESS
[  207.353917][ T1221] [TRACE] init_time 7, sign_time 4: SUCCESS
[  207.382494][ T1221] [TRACE] init_time 7, sign_time 5: SUCCESS
[  207.410294][ T1221] [TRACE] init_time 7, sign_time 6: SUCCESS
[  207.438747][ T1221] [TRACE] init_time 7, sign_time 7: SUCCESS
[  207.468816][ T1221] [TRACE] init_time 7, sign_time 8: SUCCESS
[  207.497228][ T1221] [TRACE] init_time 7, sign_time 9: SUCCESS
[  207.509467][ T1221] [TRACE] init_time 8: random prikey:
[  207.511929][ T1221] 12, 120, 183, 135, 135, 64, 179, 77, 249, 199, 152, 2, 130, 55, 188, 103
[  207.512505][ T1221] 2, 104, 22, 56, 47, 138, 167, 134, 138, 41, 98, 165, 252, 22, 72, 142
[  207.541859][ T1221] [TRACE] init_time 8, sign_time 0: SUCCESS
[  207.568950][ T1221] [TRACE] init_time 8, sign_time 1: SUCCESS
[  207.596931][ T1221] [TRACE] init_time 8, sign_time 2: SUCCESS
[  207.626109][ T1221] [TRACE] init_time 8, sign_time 3: SUCCESS
[  207.654281][ T1221] [TRACE] init_time 8, sign_time 4: SUCCESS
[  207.681590][ T1221] [TRACE] init_time 8, sign_time 5: SUCCESS
[  207.710049][ T1221] [TRACE] init_time 8, sign_time 6: SUCCESS
[  207.737653][ T1221] [TRACE] init_time 8, sign_time 7: SUCCESS
[  207.764798][ T1221] [TRACE] init_time 8, sign_time 8: SUCCESS
[  207.791477][ T1221] [TRACE] init_time 8, sign_time 9: SUCCESS
[  207.803867][ T1221] [TRACE] init_time 9: random prikey:
[  207.806760][ T1221] 21, 81, 30, 128, 182, 244, 28, 14, 225, 49, 167, 10, 251, 5, 79, 114
[  207.808993][ T1221] 20, 211, 145, 43, 115, 20, 101, 236, 229, 223, 121, 2, 14, 99, 108, 55
[  207.838763][ T1221] [TRACE] init_time 9, sign_time 0: SUCCESS
[  207.865203][ T1221] [TRACE] init_time 9, sign_time 1: SUCCESS
[  207.892382][ T1221] [TRACE] init_time 9, sign_time 2: SUCCESS
[  207.922762][ T1221] [TRACE] init_time 9, sign_time 3: SUCCESS
[  207.953484][ T1221] [TRACE] init_time 9, sign_time 4: SUCCESS
[  207.982994][ T1221] [TRACE] init_time 9, sign_time 5: SUCCESS
[  208.011933][ T1221] [TRACE] init_time 9, sign_time 6: SUCCESS
[  208.040943][ T1221] [TRACE] init_time 9, sign_time 7: SUCCESS
[  208.068082][ T1221] [TRACE] init_time 9, sign_time 8: SUCCESS
[  208.096756][ T1221] [TRACE] init_time 9, sign_time 9: SUCCESS
[  208.141673][ T1221] [Penglai Driver@penglai_enclave_run] run returned successfully
[  216.426943][ T1223] result = 0
[  216.437605][ T1223] pubkey xA:
[  216.437979][ T1223] 18, 57, 31, 121, 93, 166, 30, 40, 202, 187, 167, 144, 12, 123, 82, 139
[  216.438751][ T1223] 225, 83, 236, 156, 157, 160, 71, 158, 124, 78, 65, 135, 155, 249, 167, 211
[  216.439648][ T1223]
[  216.439648][ T1223] yA:
[  216.441722][ T1223] 97, 35, 105, 77, 228, 62, 135, 150, 137, 187, 63, 183, 46, 34, 106, 126
[  216.442957][ T1223] 39, 111, 98, 230, 25, 4, 210, 198, 44, 116, 156, 55, 87, 15, 191, 117
[  216.444895][ T1223]
[  216.444895][ T1223] Check pub end
[  216.445581][ T1223] hash_len: 32
[  216.446577][ T1223] 68, 204, 203, 223, 29, 251, 4, 0, 249, 15, 56, 198, 85, 125, 21, 245
[  216.449258][ T1223] 207, 44, 216, 217, 198, 108, 129, 123, 195, 74, 91, 158, 227, 253, 225, 234
[  216.463025][ T1223] Verify successfully
[  216.511359][ T1223] [Penglai Driver@penglai_enclave_run] run returned successfully
[  229.746315][ T1225] random initialized IV :
[  229.747031][ T1225] 151, 23, 118, 167, 156, 0, 150, 87, 150, 173, 25, 167, 129, 103, 4, 66
[  229.747665][ T1225] random initialized Key :
[  229.749476][ T1225] 24, 68, 201, 8, 191, 89, 227, 79, 15, 2, 242, 148, 14, 32, 233, 222
[  229.751520][ T1225]
[  229.751520][ T1225]
[  229.751520][ T1225] Time 0, plaintext len: 199
[  229.754283][ T1225] plaintext, len = 199
[  229.755694][ T1225] 235, 27, 103, 35, 231, 231, 218, 180, 70, 172, 246, 115, 233, 25, 245, 239
[  229.760027][ T1225] 217, 69, 229, 177, 146, 194, 247, 225, 74, 74, 149, 229, 92, 83, 238, 168
[  229.762731][ T1225] 229, 251, 241, 82, 202, 52, 45, 39, 207, 181, 52, 12, 234, 28, 254, 242
[  229.765537][ T1225] 161, 87, 240, 208, 181, 252, 33, 101, 247, 209, 57, 32, 236, 163, 0, 107
[  229.768516][ T1225] 50, 5, 204, 220, 156, 250, 11, 89, 116, 139, 99, 212, 1, 176, 228, 180
[  229.770940][ T1225] 94, 118, 84, 183, 128, 105, 188, 137, 104, 108, 113, 35, 245, 112, 109, 165
[  229.772944][ T1225] 156, 148, 231, 206, 213, 33, 205, 58, 107, 57, 147, 187, 94, 253, 223, 214
[  229.775432][ T1225] 182, 154, 9, 183, 28, 185, 115, 19, 162, 35, 104, 66, 50, 55, 98, 233
[  229.777817][ T1225] 128, 132, 150, 111, 174, 195, 119, 49, 198, 204, 214, 203, 12, 182, 11, 161
[  229.780796][ T1225] 55, 113, 53, 70, 133, 106, 158, 39, 141, 201, 16, 74, 29, 201, 154, 104
[  229.783336][ T1225] 215, 239, 59, 26, 98, 130, 46, 221, 9, 61, 99, 251, 144, 173, 220, 11
[  229.786033][ T1225] 230, 253, 233, 243, 124, 186, 42, 179, 21, 13, 228, 72, 238, 207, 185, 128
[  229.789576][ T1225] Eecrypt----------
[  229.790603][ T1225] ciphertext, len = 208
[  229.791569][ T1225] 83, 240, 31, 8, 83, 229, 149, 41, 53, 100, 183, 111, 86, 158, 195, 148
[  229.794196][ T1225] 246, 245, 121, 128, 9, 146, 250, 132, 191, 25, 95, 247, 248, 120, 160, 53
[  229.796681][ T1225] 116, 168, 221, 176, 123, 108, 155, 130, 215, 0, 152, 24, 22, 18, 182, 130
[  229.799298][ T1225] 83, 222, 97, 101, 185, 38, 206, 14, 35, 42, 123, 61, 193, 107, 135, 33
[  229.801707][ T1225] 157, 222, 73, 255, 196, 153, 226, 102, 118, 0, 24, 222, 225, 237, 111, 141
[  229.804389][ T1225] 105, 85, 91, 177, 138, 130, 39, 233, 28, 13, 244, 57, 121, 92, 187, 192
[  229.806835][ T1225] 10, 239, 137, 52, 112, 106, 244, 245, 158, 192, 218, 141, 66, 209, 229, 123
[  229.809611][ T1225] 114, 76, 17, 242, 10, 134, 155, 19, 17, 145, 172, 172, 175, 68, 114, 197
[  229.811408][ T1225] 251, 100, 164, 26, 134, 216, 212, 78, 24, 137, 231, 31, 205, 92, 239, 6
[  229.813864][ T1225] 183, 129, 79, 182, 195, 71, 49, 163, 149, 147, 76, 132, 1, 105, 192, 45
[  229.815946][ T1225] 12, 206, 120, 129, 83, 118, 100, 76, 43, 213, 228, 250, 37, 45, 12, 70
[  229.817896][ T1225] 15, 162, 121, 36, 232, 236, 88, 18, 46, 248, 173, 135, 57, 83, 212, 21
[  229.820311][ T1225] 224, 254, 245, 137, 255, 149, 217, 72, 29, 125, 70, 49, 53, 57, 118, 99
[  229.823134][ T1225] Decrypt----------
[  229.824135][ T1225] decrypttext, len = 199
[  229.825433][ T1225] 235, 27, 103, 35, 231, 231, 218, 180, 70, 172, 246, 115, 233, 25, 245, 239
[  229.828002][ T1225] 217, 69, 229, 177, 146, 194, 247, 225, 74, 74, 149, 229, 92, 83, 238, 168
[  229.830795][ T1225] 229, 251, 241, 82, 202, 52, 45, 39, 207, 181, 52, 12, 234, 28, 254, 242
[  229.833632][ T1225] 161, 87, 240, 208, 181, 252, 33, 101, 247, 209, 57, 32, 236, 163, 0, 107
[  229.835835][ T1225] 50, 5, 204, 220, 156, 250, 11, 89, 116, 139, 99, 212, 1, 176, 228, 180
[  229.838393][ T1225] 94, 118, 84, 183, 128, 105, 188, 137, 104, 108, 113, 35, 245, 112, 109, 165
[  229.841155][ T1225] 156, 148, 231, 206, 213, 33, 205, 58, 107, 57, 147, 187, 94, 253, 223, 214
[  229.843342][ T1225] 182, 154, 9, 183, 28, 185, 115, 19, 162, 35, 104, 66, 50, 55, 98, 233
[  229.845709][ T1225] 128, 132, 150, 111, 174, 195, 119, 49, 198, 204, 214, 203, 12, 182, 11, 161
[  229.848608][ T1225] 55, 113, 53, 70, 133, 106, 158, 39, 141, 201, 16, 74, 29, 201, 154, 104
[  229.851246][ T1225] 215, 239, 59, 26, 98, 130, 46, 221, 9, 61, 99, 251, 144, 173, 220, 11
[  229.853693][ T1225] 230, 253, 233, 243, 124, 186, 42, 179, 21, 13, 228, 72, 238, 207, 185, 128
[  229.855833][ T1225]
[  229.855833][ T1225]
[  229.855833][ T1225] Time 1, plaintext len: 151
[  229.858592][ T1225] plaintext, len = 151
[  229.859964][ T1225] 218, 126, 168, 183, 68, 22, 210, 88, 83, 100, 209, 74, 240, 207, 4, 240
[  229.861898][ T1225] 169, 62, 54, 148, 164, 121, 110, 30, 62, 30, 147, 23, 84, 184, 16, 177
[  229.864186][ T1225] 114, 228, 65, 163, 64, 211, 151, 32, 224, 37, 66, 228, 63, 236, 23, 14
[  229.865955][ T1225] 131, 150, 37, 197, 54, 80, 117, 142, 201, 234, 140, 184, 146, 10, 4, 30
[  229.868457][ T1225] 79, 78, 217, 150, 191, 105, 187, 75, 130, 72, 140, 39, 186, 201, 250, 255
[  229.870694][ T1225] 63, 230, 102, 49, 42, 7, 118, 31, 160, 126, 5, 211, 221, 23, 144, 181
[  229.873301][ T1225] 195, 55, 79, 188, 91, 76, 130, 93, 76, 186, 51, 110, 119, 252, 121, 218
[  229.875356][ T1225] 58, 217, 110, 92, 194, 182, 245, 63, 9, 209, 26, 253, 44, 132, 11, 225
[  229.877819][ T1225] 165, 78, 192, 201, 166, 11, 14, 156, 90, 41, 2, 162, 6, 175, 204, 235
[  229.880585][ T1225] Eecrypt----------
[  229.881604][ T1225] ciphertext, len = 160
[  229.882698][ T1225] 114, 249, 72, 83, 66, 40, 157, 242, 212, 182, 69, 58, 184, 110, 24, 93
[  229.885102][ T1225] 56, 151, 100, 151, 176, 124, 253, 196, 213, 217, 162, 81, 232, 124, 14, 80
[  229.887597][ T1225] 50, 115, 44, 87, 75, 220, 30, 123, 154, 214, 249, 248, 14, 72, 42, 158
[  229.890305][ T1225] 93, 201, 244, 89, 26, 176, 65, 121, 187, 170, 15, 97, 150, 221, 222, 217
[  229.893142][ T1225] 138, 178, 179, 48, 244, 230, 65, 127, 54, 95, 34, 193, 90, 14, 95, 202
[  229.895188][ T1225] 140, 110, 37, 219, 77, 118, 109, 14, 42, 76, 84, 118, 92, 82, 218, 208
[  229.897945][ T1225] 78, 85, 253, 213, 235, 11, 54, 182, 233, 25, 140, 23, 193, 4, 215, 98
[  229.899953][ T1225] 47, 102, 209, 6, 134, 28, 235, 107, 91, 133, 2, 123, 97, 37, 20, 69
[  229.902232][ T1225] 158, 57, 94, 28, 71, 0, 23, 66, 237, 114, 109, 125, 119, 161, 134, 78
[  229.904645][ T1225] 198, 134, 47, 254, 200, 48, 0, 215, 236, 185, 182, 0, 127, 114, 112, 228
[  229.907078][ T1225] Decrypt----------
[  229.907994][ T1225] decrypttext, len = 151
[  229.909261][ T1225] 218, 126, 168, 183, 68, 22, 210, 88, 83, 100, 209, 74, 240, 207, 4, 240
[  229.911505][ T1225] 169, 62, 54, 148, 164, 121, 110, 30, 62, 30, 147, 23, 84, 184, 16, 177
[  229.914274][ T1225] 114, 228, 65, 163, 64, 211, 151, 32, 224, 37, 66, 228, 63, 236, 23, 14
[  229.917252][ T1225] 131, 150, 37, 197, 54, 80, 117, 142, 201, 234, 140, 184, 146, 10, 4, 30
[  229.920253][ T1225] 79, 78, 217, 150, 191, 105, 187, 75, 130, 72, 140, 39, 186, 201, 250, 255
[  229.922749][ T1225] 63, 230, 102, 49, 42, 7, 118, 31, 160, 126, 5, 211, 221, 23, 144, 181
[  229.925469][ T1225] 195, 55, 79, 188, 91, 76, 130, 93, 76, 186, 51, 110, 119, 252, 121, 218
[  229.927413][ T1225] 58, 217, 110, 92, 194, 182, 245, 63, 9, 209, 26, 253, 44, 132, 11, 225
[  229.929919][ T1225] 165, 78, 192, 201, 166, 11, 14, 156, 90, 41, 2, 162, 6, 175, 204, 235
[  229.932399][ T1225]
[  229.932399][ T1225]
[  229.932399][ T1225] Time 2, plaintext len: 106
[  229.935123][ T1225] plaintext, len = 106
[  229.935979][ T1225] 79, 127, 114, 198, 203, 184, 179, 209, 137, 25, 69, 188, 184, 93, 255, 111
[  229.937534][ T1225] 40, 191, 246, 225, 27, 60, 247, 168, 79, 136, 205, 104, 92, 103, 51, 123
[  229.940231][ T1225] 17, 249, 8, 94, 131, 80, 233, 139, 49, 69, 12, 61, 172, 60, 45, 154
[  229.942501][ T1225] 154, 228, 233, 36, 191, 101, 26, 171, 79, 210, 179, 155, 200, 253, 131, 220
[  229.944393][ T1225] 215, 140, 83, 142, 33, 141, 197, 30, 198, 251, 202, 43, 128, 212, 51, 195
[  229.946789][ T1225] 157, 33, 255, 45, 12, 238, 159, 45, 82, 183, 214, 54, 43, 202, 75, 17
[  229.949468][ T1225] Eecrypt----------
[  229.950713][ T1225] ciphertext, len = 112
[  229.952173][ T1225] 171, 73, 122, 34, 247, 101, 102, 60, 200, 29, 127, 116, 108, 30, 161, 74
[  229.953753][ T1225] 218, 181, 113, 63, 5, 91, 180, 168, 142, 89, 219, 5, 115, 160, 56, 245
[  229.954918][ T1225] 114, 165, 17, 255, 122, 162, 219, 245, 82, 96, 10, 110, 166, 189, 56, 65
[  229.957400][ T1225] 177, 25, 215, 240, 82, 201, 179, 139, 220, 247, 137, 153, 122, 204, 124, 131
[  229.959632][ T1225] 158, 112, 82, 142, 253, 134, 46, 105, 9, 225, 94, 58, 11, 51, 212, 162
[  229.962149][ T1225] 182, 81, 192, 75, 168, 195, 82, 92, 168, 36, 81, 39, 164, 140, 82, 6
[  229.964867][ T1225] 27, 254, 189, 108, 49, 143, 108, 106, 190, 226, 201, 164, 32, 206, 10, 139
[  229.967164][ T1225] Decrypt----------
[  229.968518][ T1225] decrypttext, len = 106
[  229.969722][ T1225] 79, 127, 114, 198, 203, 184, 179, 209, 137, 25, 69, 188, 184, 93, 255, 111
[  229.972570][ T1225] 40, 191, 246, 225, 27, 60, 247, 168, 79, 136, 205, 104, 92, 103, 51, 123
[  229.974231][ T1225] 17, 249, 8, 94, 131, 80, 233, 139, 49, 69, 12, 61, 172, 60, 45, 154
[  229.976774][ T1225] 154, 228, 233, 36, 191, 101, 26, 171, 79, 210, 179, 155, 200, 253, 131, 220
[  229.979444][ T1225] 215, 140, 83, 142, 33, 141, 197, 30, 198, 251, 202, 43, 128, 212, 51, 195
[  229.981668][ T1225] 157, 33, 255, 45, 12, 238, 159, 45, 82, 183, 214, 54, 43, 202, 75, 17
[  229.984489][ T1225]
[  229.984489][ T1225]
[  229.984489][ T1225] Time 3, plaintext len: 163
[  229.986332][ T1225] plaintext, len = 163
[  229.987619][ T1225] 225, 188, 62, 213, 79, 212, 250, 31, 17, 50, 41, 186, 52, 191, 203, 234
[  229.990745][ T1225] 134, 44, 168, 141, 44, 163, 90, 217, 170, 88, 25, 48, 100, 75, 108, 105
[  229.993422][ T1225] 119, 41, 22, 143, 183, 214, 175, 231, 80, 195, 54, 47, 189, 111, 44, 102
[  229.995642][ T1225] 134, 255, 34, 100, 162, 177, 5, 85, 70, 34, 119, 150, 233, 57, 17, 125
[  229.998348][ T1225] 87, 160, 66, 250, 56, 129, 33, 87, 76, 111, 57, 157, 170, 93, 58, 0
[  230.001195][ T1225] 113, 213, 198, 39, 156, 46, 104, 70, 34, 70, 150, 159, 60, 167, 106, 105
[  230.003194][ T1225] 80, 251, 199, 228, 27, 197, 156, 249, 153, 145, 45, 169, 10, 47, 235, 71
[  230.006100][ T1225] 46, 71, 53, 0, 74, 54, 95, 142, 179, 235, 152, 38, 233, 10, 169, 96
[  230.007716][ T1225] 210, 113, 156, 128, 43, 117, 64, 175, 45, 104, 222, 136, 240, 252, 110, 2
[  230.010387][ T1225] 139, 51, 85, 13, 166, 107, 28, 255, 89, 35, 191, 253, 60, 15, 113, 192
[  230.013005][ T1225] Eecrypt----------
[  230.014113][ T1225] ciphertext, len = 176
[  230.015423][ T1225] 132, 101, 242, 82, 30, 140, 151, 4, 241, 205, 173, 50, 114, 59, 113, 72
[  230.018348][ T1225] 84, 218, 118, 106, 153, 23, 33, 60, 152, 255, 34, 208, 245, 169, 13, 157
[  230.021262][ T1225] 183, 10, 152, 220, 251, 178, 111, 31, 8, 17, 171, 180, 181, 219, 165, 218
[  230.024227][ T1225] 52, 24, 142, 78, 157, 49, 48, 30, 52, 8, 194, 103, 219, 105, 52, 168
[  230.026627][ T1225] 140, 19, 100, 204, 92, 81, 254, 30, 55, 241, 86, 141, 32, 8, 163, 236
[  230.029426][ T1225] 89, 105, 123, 224, 151, 160, 125, 190, 97, 68, 217, 125, 120, 218, 229, 150
[  230.032318][ T1225] 169, 128, 49, 184, 222, 175, 194, 4, 225, 21, 98, 29, 32, 142, 161, 71
[  230.034994][ T1225] 107, 186, 248, 173, 44, 13, 42, 9, 156, 248, 19, 223, 247, 47, 235, 86
[  230.037771][ T1225] 131, 227, 64, 119, 0, 124, 176, 146, 178, 238, 85, 73, 230, 174, 66, 43
[  230.040118][ T1225] 184, 155, 152, 190, 83, 26, 57, 204, 218, 234, 107, 168, 64, 228, 20, 167
[  230.042819][ T1225] 8, 31, 109, 106, 198, 134, 218, 111, 130, 147, 207, 240, 47, 24, 37, 158
[  230.045734][ T1225] Decrypt----------
[  230.046954][ T1225] decrypttext, len = 163
[  230.048834][ T1225] 225, 188, 62, 213, 79, 212, 250, 31, 17, 50, 41, 186, 52, 191, 203, 234
[  230.051418][ T1225] 134, 44, 168, 141, 44, 163, 90, 217, 170, 88, 25, 48, 100, 75, 108, 105
[  230.054159][ T1225] 119, 41, 22, 143, 183, 214, 175, 231, 80, 195, 54, 47, 189, 111, 44, 102
[  230.056252][ T1225] 134, 255, 34, 100, 162, 177, 5, 85, 70, 34, 119, 150, 233, 57, 17, 125
[  230.058955][ T1225] 87, 160, 66, 250, 56, 129, 33, 87, 76, 111, 57, 157, 170, 93, 58, 0
[  230.061807][ T1225] 113, 213, 198, 39, 156, 46, 104, 70, 34, 70, 150, 159, 60, 167, 106, 105
[  230.064370][ T1225] 80, 251, 199, 228, 27, 197, 156, 249, 153, 145, 45, 169, 10, 47, 235, 71
[  230.066995][ T1225] 46, 71, 53, 0, 74, 54, 95, 142, 179, 235, 152, 38, 233, 10, 169, 96
[  230.070009][ T1225] 210, 113, 156, 128, 43, 117, 64, 175, 45, 104, 222, 136, 240, 252, 110, 2
[  230.073129][ T1225] 139, 51, 85, 13, 166, 107, 28, 255, 89, 35, 191, 253, 60, 15, 113, 192
[  230.075619][ T1225]
[  230.075619][ T1225]
[  230.075619][ T1225] Time 4, plaintext len: 131
[  230.078946][ T1225] plaintext, len = 131
[  230.080417][ T1225] 204, 30, 138, 140, 211, 13, 72, 254, 252, 20, 232, 63, 152, 71, 115, 48
[  230.083252][ T1225] 98, 69, 143, 69, 208, 161, 32, 149, 149, 208, 28, 2, 6, 76, 194, 6
[  230.086041][ T1225] 107, 126, 153, 97, 78, 202, 218, 5, 32, 162, 158, 165, 239, 160, 56, 35
[  230.089043][ T1225] 59, 253, 136, 245, 223, 38, 1, 188, 127, 151, 52, 179, 119, 74, 151, 9
[  230.091529][ T1225] 175, 117, 89, 11, 181, 80, 250, 34, 165, 94, 139, 137, 112, 48, 166, 155
[  230.094181][ T1225] 176, 66, 62, 41, 164, 42, 103, 127, 225, 62, 225, 32, 121, 125, 70, 98
[  230.096896][ T1225] 197, 37, 11, 66, 164, 216, 250, 137, 162, 19, 64, 46, 158, 181, 172, 3
[  230.099495][ T1225] 226, 16, 218, 252, 112, 225, 147, 49, 241, 220, 86, 49, 9, 33, 207, 72
[  230.102427][ T1225] Eecrypt----------
[  230.103535][ T1225] ciphertext, len = 144
[  230.104949][ T1225] 121, 5, 101, 140, 40, 80, 19, 79, 173, 179, 158, 235, 145, 159, 123, 80
[  230.107518][ T1225] 132, 128, 198, 193, 133, 76, 253, 100, 208, 188, 246, 171, 175, 11, 64, 84
[  230.110581][ T1225] 102, 207, 224, 205, 70, 143, 63, 36, 15, 207, 204, 41, 218, 36, 128, 31
[  230.113411][ T1225] 178, 58, 182, 84, 54, 54, 47, 238, 45, 145, 253, 63, 232, 173, 172, 197
[  230.115571][ T1225] 59, 13, 180, 64, 239, 207, 119, 16, 202, 167, 57, 158, 207, 175, 49, 100
[  230.118790][ T1225] 121, 42, 27, 222, 222, 100, 9, 87, 210, 2, 125, 139, 174, 226, 21, 189
[  230.121504][ T1225] 13, 190, 56, 135, 139, 238, 14, 164, 40, 96, 61, 8, 141, 65, 236, 69
[  230.124409][ T1225] 218, 57, 182, 233, 96, 237, 252, 214, 248, 55, 14, 73, 59, 200, 52, 73
[  230.126953][ T1225] 214, 166, 20, 137, 145, 82, 251, 183, 227, 87, 228, 27, 235, 128, 214, 135
[  230.129876][ T1225] Decrypt----------
[  230.131042][ T1225] decrypttext, len = 131
[  230.132808][ T1225] 204, 30, 138, 140, 211, 13, 72, 254, 252, 20, 232, 63, 152, 71, 115, 48
[  230.135432][ T1225] 98, 69, 143, 69, 208, 161, 32, 149, 149, 208, 28, 2, 6, 76, 194, 6
[  230.138301][ T1225] 107, 126, 153, 97, 78, 202, 218, 5, 32, 162, 158, 165, 239, 160, 56, 35
[  230.141559][ T1225] 59, 253, 136, 245, 223, 38, 1, 188, 127, 151, 52, 179, 119, 74, 151, 9
[  230.144481][ T1225] 175, 117, 89, 11, 181, 80, 250, 34, 165, 94, 139, 137, 112, 48, 166, 155
[  230.147132][ T1225] 176, 66, 62, 41, 164, 42, 103, 127, 225, 62, 225, 32, 121, 125, 70, 98
[  230.150278][ T1225] 197, 37, 11, 66, 164, 216, 250, 137, 162, 19, 64, 46, 158, 181, 172, 3
[  230.153331][ T1225] 226, 16, 218, 252, 112, 225, 147, 49, 241, 220, 86, 49, 9, 33, 207, 72
[  230.155018][ T1225]
[  230.155018][ T1225]
[  230.155018][ T1225] Time 5, plaintext len: 28
[  230.158001][ T1225] plaintext, len = 28
[  230.159116][ T1225] 216, 11, 220, 243, 14, 49, 152, 33, 125, 104, 94, 34, 111, 170, 81, 114
[  230.161893][ T1225] Eecrypt----------
[  230.163147][ T1225] ciphertext, len = 32
[  230.164741][ T1225] 213, 153, 88, 99, 243, 223, 48, 104, 185, 183, 219, 115, 160, 220, 57, 18
[  230.167460][ T1225] 193, 55, 173, 45, 227, 243, 247, 170, 88, 242, 17, 52, 172, 252, 179, 69
[  230.170479][ T1225] Decrypt----------
[  230.172020][ T1225] decrypttext, len = 28
[  230.173459][ T1225] 216, 11, 220, 243, 14, 49, 152, 33, 125, 104, 94, 34, 111, 170, 81, 114
[  230.176233][ T1225]
[  230.176233][ T1225]
[  230.176233][ T1225] Time 6, plaintext len: 145
[  230.179356][ T1225] plaintext, len = 145
[  230.180882][ T1225] 218, 31, 22, 90, 5, 98, 249, 208, 163, 17, 124, 43, 232, 127, 48, 162
[  230.183643][ T1225] 164, 241, 118, 177, 115, 119, 208, 21, 214, 42, 248, 102, 37, 199, 86, 213
[  230.186605][ T1225] 233, 152, 10, 154, 219, 93, 41, 152, 52, 2, 123, 249, 213, 122, 212, 233
[  230.188766][ T1225] 101, 51, 134, 220, 20, 226, 205, 25, 0, 174, 147, 9, 192, 212, 95, 14
[  230.191328][ T1225] 40, 162, 182, 22, 178, 162, 198, 236, 167, 208, 7, 127, 106, 116, 196, 231
[  230.194301][ T1225] 252, 41, 239, 181, 36, 231, 194, 188, 93, 172, 173, 254, 187, 158, 0, 148
[  230.197474][ T1225] 130, 79, 132, 102, 135, 155, 132, 155, 35, 35, 154, 185, 155, 147, 68, 18
[  230.200308][ T1225] 75, 191, 126, 122, 83, 94, 129, 254, 127, 210, 30, 15, 20, 29, 203, 77
[  230.203283][ T1225] 39, 134, 130, 9, 199, 155, 73, 60, 142, 236, 166, 201, 166, 252, 18, 180
[  230.206119][ T1225] Eecrypt----------
[  230.207007][ T1225] ciphertext, len = 160
[  230.208546][ T1225] 192, 27, 141, 242, 216, 226, 23, 255, 106, 52, 200, 122, 172, 237, 255, 92
[  230.211116][ T1225] 249, 85, 58, 86, 38, 73, 74, 69, 217, 120, 93, 78, 44, 51, 200, 45
[  230.213731][ T1225] 210, 105, 46, 66, 86, 231, 28, 26, 7, 181, 248, 33, 29, 138, 77, 211
[  230.216970][ T1225] 8, 155, 143, 118, 175, 229, 228, 106, 14, 210, 160, 5, 105, 19, 72, 86
[  230.219460][ T1225] 212, 135, 31, 167, 130, 113, 160, 242, 4, 161, 50, 211, 127, 222, 181, 75
[  230.222283][ T1225] 245, 109, 232, 187, 71, 217, 37, 242, 246, 2, 216, 182, 173, 183, 250, 11
[  230.225127][ T1225] 4, 230, 62, 114, 202, 164, 121, 125, 8, 167, 218, 181, 231, 209, 116, 12
[  230.227631][ T1225] 79, 242, 135, 235, 208, 113, 234, 182, 199, 98, 40, 186, 226, 56, 113, 241
[  230.230361][ T1225] 18, 146, 170, 197, 209, 54, 63, 251, 233, 40, 71, 87, 24, 125, 152, 24
[  230.232911][ T1225] 112, 90, 202, 148, 182, 198, 53, 161, 82, 120, 216, 250, 37, 93, 128, 79
[  230.235082][ T1225] Decrypt----------
[  230.236624][ T1225] decrypttext, len = 145
[  230.237921][ T1225] 218, 31, 22, 90, 5, 98, 249, 208, 163, 17, 124, 43, 232, 127, 48, 162
[  230.240386][ T1225] 164, 241, 118, 177, 115, 119, 208, 21, 214, 42, 248, 102, 37, 199, 86, 213
[  230.243225][ T1225] 233, 152, 10, 154, 219, 93, 41, 152, 52, 2, 123, 249, 213, 122, 212, 233
[  230.245673][ T1225] 101, 51, 134, 220, 20, 226, 205, 25, 0, 174, 147, 9, 192, 212, 95, 14
[  230.248365][ T1225] 40, 162, 182, 22, 178, 162, 198, 236, 167, 208, 7, 127, 106, 116, 196, 231
[  230.251249][ T1225] 252, 41, 239, 181, 36, 231, 194, 188, 93, 172, 173, 254, 187, 158, 0, 148
[  230.254218][ T1225] 130, 79, 132, 102, 135, 155, 132, 155, 35, 35, 154, 185, 155, 147, 68, 18
[  230.257371][ T1225] 75, 191, 126, 122, 83, 94, 129, 254, 127, 210, 30, 15, 20, 29, 203, 77
[  230.260186][ T1225] 39, 134, 130, 9, 199, 155, 73, 60, 142, 236, 166, 201, 166, 252, 18, 180
[  230.262880][ T1225]
[  230.262880][ T1225]
[  230.262880][ T1225] Time 7, plaintext len: 175
[  230.266169][ T1225] plaintext, len = 175
[  230.267314][ T1225] 26, 106, 42, 228, 41, 196, 1, 7, 115, 112, 28, 166, 47, 69, 204, 200
[  230.269895][ T1225] 25, 150, 110, 173, 42, 187, 203, 231, 205, 47, 87, 34, 108, 77, 195, 205
[  230.272583][ T1225] 70, 173, 77, 90, 209, 4, 135, 62, 250, 230, 24, 60, 14, 231, 44, 136
[  230.275092][ T1225] 122, 133, 4, 55, 55, 155, 215, 203, 1, 109, 14, 185, 76, 35, 79, 37
[  230.277847][ T1225] 92, 21, 142, 57, 42, 143, 78, 128, 109, 160, 144, 227, 171, 35, 65, 4
[  230.280499][ T1225] 204, 179, 72, 98, 36, 94, 234, 38, 23, 5, 106, 134, 40, 19, 219, 253
[  230.283012][ T1225] 215, 169, 13, 177, 216, 179, 50, 127, 146, 55, 167, 202, 233, 187, 69, 88
[  230.285968][ T1225] 154, 38, 20, 91, 164, 129, 29, 126, 110, 224, 246, 12, 76, 243, 129, 25
[  230.288246][ T1225] 82, 35, 138, 66, 182, 99, 103, 92, 96, 64, 140, 230, 18, 44, 234, 94
[  230.290743][ T1225] 60, 223, 27, 207, 232, 251, 205, 170, 42, 108, 129, 214, 131, 219, 223, 255
[  230.293694][ T1225] Eecrypt----------
[  230.294901][ T1225] ciphertext, len = 176
[  230.296646][ T1225] 214, 252, 85, 8, 252, 110, 183, 27, 208, 41, 248, 100, 126, 199, 222, 14
[  230.298722][ T1225] 216, 208, 233, 135, 27, 75, 16, 61, 241, 248, 238, 3, 185, 211, 77, 221
[  230.301623][ T1225] 141, 159, 223, 37, 115, 210, 245, 113, 207, 230, 122, 24, 140, 214, 92, 173
[  230.304102][ T1225] 178, 94, 25, 99, 79, 74, 215, 184, 9, 234, 188, 71, 63, 85, 168, 114
[  230.306572][ T1225] 244, 14, 149, 230, 155, 6, 248, 183, 22, 130, 243, 245, 137, 238, 39, 144
[  230.309430][ T1225] 5, 109, 55, 137, 186, 164, 81, 213, 198, 240, 176, 69, 252, 103, 90, 142
[  230.312261][ T1225] 34, 18, 209, 20, 96, 205, 148, 99, 189, 224, 137, 44, 90, 111, 29, 178
[  230.314650][ T1225] 213, 134, 46, 90, 54, 215, 247, 115, 2, 244, 226, 248, 64, 69, 58, 157
[  230.317472][ T1225] 85, 186, 184, 152, 58, 213, 23, 168, 138, 185, 55, 241, 82, 207, 211, 237
[  230.320200][ T1225] 117, 118, 38, 229, 95, 30, 248, 134, 226, 219, 246, 7, 57, 245, 22, 201
[  230.322813][ T1225] 66, 149, 144, 74, 184, 159, 105, 94, 212, 18, 55, 18, 141, 207, 115, 250
[  230.325735][ T1225] Decrypt----------
[  230.326794][ T1225] decrypttext, len = 175
[  230.328576][ T1225] 26, 106, 42, 228, 41, 196, 1, 7, 115, 112, 28, 166, 47, 69, 204, 200
[  230.331055][ T1225] 25, 150, 110, 173, 42, 187, 203, 231, 205, 47, 87, 34, 108, 77, 195, 205
[  230.334108][ T1225] 70, 173, 77, 90, 209, 4, 135, 62, 250, 230, 24, 60, 14, 231, 44, 136
[  230.336610][ T1225] 122, 133, 4, 55, 55, 155, 215, 203, 1, 109, 14, 185, 76, 35, 79, 37
[  230.338714][ T1225] 92, 21, 142, 57, 42, 143, 78, 128, 109, 160, 144, 227, 171, 35, 65, 4
[  230.341401][ T1225] 204, 179, 72, 98, 36, 94, 234, 38, 23, 5, 106, 134, 40, 19, 219, 253
[  230.344257][ T1225] 215, 169, 13, 177, 216, 179, 50, 127, 146, 55, 167, 202, 233, 187, 69, 88
[  230.346994][ T1225] 154, 38, 20, 91, 164, 129, 29, 126, 110, 224, 246, 12, 76, 243, 129, 25
[  230.349811][ T1225] 82, 35, 138, 66, 182, 99, 103, 92, 96, 64, 140, 230, 18, 44, 234, 94
[  230.352394][ T1225] 60, 223, 27, 207, 232, 251, 205, 170, 42, 108, 129, 214, 131, 219, 223, 255
[  230.355125][ T1225]
[  230.355125][ T1225]
[  230.355125][ T1225] Time 8, plaintext len: 123
[  230.358404][ T1225] plaintext, len = 123
[  230.359544][ T1225] 183, 253, 117, 231, 17, 226, 73, 221, 241, 95, 150, 217, 197, 57, 105, 68
[  230.362506][ T1225] 179, 179, 145, 203, 140, 230, 63, 112, 255, 221, 51, 86, 22, 59, 79, 27
[  230.365270][ T1225] 96, 253, 82, 253, 105, 17, 155, 51, 79, 215, 219, 165, 93, 180, 170, 2
[  230.368147][ T1225] 213, 193, 201, 206, 148, 138, 116, 120, 134, 76, 191, 95, 120, 254, 44, 4
[  230.370839][ T1225] 209, 248, 119, 5, 253, 203, 238, 191, 117, 170, 135, 108, 89, 70, 168, 75
[  230.373782][ T1225] 180, 14, 121, 186, 83, 131, 40, 12, 115, 44, 0, 103, 57, 111, 52, 79
[  230.376696][ T1225] 22, 169, 219, 134, 109, 124, 128, 173, 73, 193, 49, 220, 43, 91, 194, 79
[  230.379237][ T1225] Eecrypt----------
[  230.380649][ T1225] ciphertext, len = 128
[  230.381797][ T1225] 33, 29, 1, 206, 215, 6, 199, 131, 44, 214, 25, 148, 201, 102, 62, 22
[  230.384612][ T1225] 179, 248, 8, 10, 191, 239, 199, 136, 116, 218, 160, 57, 42, 159, 252, 188
[  230.387279][ T1225] 203, 211, 179, 96, 63, 214, 173, 162, 121, 133, 147, 167, 71, 162, 200, 5
[  230.390269][ T1225] 129, 1, 4, 101, 42, 237, 116, 119, 205, 128, 90, 37, 40, 64, 234, 218
[  230.392542][ T1225] 180, 131, 226, 79, 84, 0, 206, 65, 157, 120, 131, 149, 128, 66, 251, 11
[  230.394848][ T1225] 79, 152, 54, 47, 89, 175, 182, 94, 131, 40, 235, 251, 225, 94, 159, 94
[  230.397710][ T1225] 49, 187, 149, 60, 180, 164, 129, 187, 202, 150, 177, 102, 254, 88, 111, 246
[  230.400546][ T1225] 231, 52, 180, 69, 119, 234, 74, 19, 146, 217, 31, 66, 225, 94, 13, 1
[  230.402847][ T1225] Decrypt----------
[  230.404058][ T1225] decrypttext, len = 123
[  230.405337][ T1225] 183, 253, 117, 231, 17, 226, 73, 221, 241, 95, 150, 217, 197, 57, 105, 68
[  230.408313][ T1225] 179, 179, 145, 203, 140, 230, 63, 112, 255, 221, 51, 86, 22, 59, 79, 27
[  230.410867][ T1225] 96, 253, 82, 253, 105, 17, 155, 51, 79, 215, 219, 165, 93, 180, 170, 2
[  230.413657][ T1225] 213, 193, 201, 206, 148, 138, 116, 120, 134, 76, 191, 95, 120, 254, 44, 4
[  230.416814][ T1225] 209, 248, 119, 5, 253, 203, 238, 191, 117, 170, 135, 108, 89, 70, 168, 75
[  230.419222][ T1225] 180, 14, 121, 186, 83, 131, 40, 12, 115, 44, 0, 103, 57, 111, 52, 79
[  230.421744][ T1225] 22, 169, 219, 134, 109, 124, 128, 173, 73, 193, 49, 220, 43, 91, 194, 79
[  230.424592][ T1225]
[  230.424592][ T1225]
[  230.424592][ T1225] Time 9, plaintext len: 33
[  230.427346][ T1225] plaintext, len = 33
[  230.428756][ T1225] 233, 151, 88, 170, 77, 161, 11, 108, 55, 39, 242, 210, 21, 125, 88, 120
[  230.431342][ T1225] 140, 193, 186, 163, 134, 193, 197, 124, 91, 245, 33, 113, 113, 17, 61, 26
[  230.434361][ T1225] Eecrypt----------
[  230.436013][ T1225] ciphertext, len = 48
[  230.437269][ T1225] 75, 48, 89, 111, 130, 216, 227, 177, 139, 95, 145, 159, 253, 84, 107, 22
[  230.440105][ T1225] 215, 132, 34, 144, 58, 214, 94, 132, 138, 117, 26, 146, 215, 144, 93, 142
[  230.442772][ T1225] 245, 123, 209, 196, 255, 87, 78, 214, 177, 176, 62, 43, 17, 210, 28, 58
[  230.445635][ T1225] Decrypt----------
[  230.446856][ T1225] decrypttext, len = 33
[  230.448351][ T1225] 233, 151, 88, 170, 77, 161, 11, 108, 55, 39, 242, 210, 21, 125, 88, 120
[  230.451007][ T1225] 140, 193, 186, 163, 134, 193, 197, 124, 91, 245, 33, 113, 113, 17, 61, 26
[  230.470959][ T1225] [Penglai Driver@penglai_enclave_run] run returned successfully
[  236.915336][ T1227] plaintext :
[  236.916336][ T1227] 41, 185, 27, 74, 104, 169, 159, 151, 196, 28, 117, 8, 241, 122, 92, 122
[  236.917733][ T1227] 122, 252, 158, 26, 202, 131, 225, 41, 176, 133, 189, 99, 127, 246, 124, 1
[  236.919755][ T1227] ciphertext with tag :
[  236.921551][ T1227] 202, 4, 1, 21, 204, 145, 192, 6, 255, 86, 248, 141, 168, 158, 0, 98
[  236.924412][ T1227] 236, 96, 176, 166, 65, 166, 209, 166, 182, 191, 237, 91, 226, 129, 228, 64
[  236.926755][ T1227] 124, 119, 164, 231, 74, 142, 230, 110, 235, 127, 128, 168, 60, 96, 12, 15
[  236.930053][ T1227] Success Authenticate
[  236.930326][ T1227] decrypttext :
[  236.930541][ T1227] 41, 185, 27, 74, 104, 169, 159, 151, 196, 28, 117, 8, 241, 122, 92, 122
[  236.931630][ T1227] 122, 252, 158, 26, 202, 131, 225, 41, 176, 133, 189, 99, 127, 246, 124, 1
[  236.934957][ T1227] What if change ciphertext?
[  236.935621][ T1227] Fail Assenticate
[  236.937293][ T1227] What if change add_data?
[  236.938831][ T1227] Fail Assenticate
[  236.940143][ T1227] What if change ciphertext and add_data?
[  236.941776][ T1227] Fail Assenticate
[  236.954788][ T1227] [Penglai Driver@penglai_enclave_run] run returned successfully